<?xml version="1.0"?>
<root>
 <runs>
  <run id="" dim="4">
   <identities>
    <identity name="Cow"/>
    <identity name="Carp"/>
    <identity name="Chicken"/>
    <identity name="Human"/>
   </identities>
   <dms>
   <dm>
    <row>
     <entry>0.000000</entry>
    </row>
    <row>
     <entry>0.290113</entry>
     <entry>0.000000</entry>
    </row>
    <row>
     <entry>1.992284</entry>
     <entry>1.480237</entry>
     <entry>0.000000</entry>
    </row>
    <row>
     <entry>1.992284</entry>
     <entry>1.480237</entry>
     <entry>0.548450</entry>
     <entry>0.000000</entry>
    </row>
   </dm>
   </dms>
  </run>
 </runs>
</root>
