<?xml version="1.0"?>
<root>
 <runs>
  <run id="" dim="25">
   <identities>
    <identity name="P02070"/>
    <identity name="P04247"/>
    <identity name="P02104"/>
    <identity name="Q9ER97"/>
    <identity name="P02088"/>
    <identity name="P02042"/>
    <identity name="P02089"/>
    <identity name="Q90486"/>
    <identity name="Q90YJ2"/>
    <identity name="P02091"/>
    <identity name="Q9NPG2"/>
    <identity name="P69905"/>
    <identity name="P69891"/>
    <identity name="P69892"/>
    <identity name="Q99JA8"/>
    <identity name="P02100"/>
    <identity name="P01946"/>
    <identity name="P01942"/>
    <identity name="P01966"/>
    <identity name="Q6VN46"/>
    <identity name="P02144"/>
    <identity name="P02008"/>
    <identity name="P68871"/>
    <identity name="P11517"/>
    <identity name="P02192"/>
   </identities>
   <dms>
   <dm>
    <row>
     <entry>0.000000</entry>
    </row>
    <row>
     <entry>1.682694</entry>
     <entry>0.000000</entry>
    </row>
    <row>
     <entry>0.324840</entry>
     <entry>1.529994</entry>
     <entry>0.000000</entry>
    </row>
    <row>
     <entry>1.769288</entry>
     <entry>1.924149</entry>
     <entry>1.565936</entry>
     <entry>0.000000</entry>
    </row>
    <row>
     <entry>0.280297</entry>
     <entry>1.398481</entry>
     <entry>0.306725</entry>
     <entry>1.769288</entry>
     <entry>0.000000</entry>
    </row>
    <row>
     <entry>0.174992</entry>
     <entry>1.529994</entry>
     <entry>0.271678</entry>
     <entry>1.815702</entry>
     <entry>0.221845</entry>
     <entry>0.000000</entry>
    </row>
    <row>
     <entry>0.289010</entry>
     <entry>1.398481</entry>
     <entry>0.263151</entry>
     <entry>1.682694</entry>
     <entry>0.056013</entry>
     <entry>0.229934</entry>
     <entry>0.000000</entry>
    </row>
    <row>
     <entry>0.729417</entry>
     <entry>1.725014</entry>
     <entry>0.605688</entry>
     <entry>1.915832</entry>
     <entry>0.645008</entry>
     <entry>0.645008</entry>
     <entry>0.605688</entry>
     <entry>0.000000</entry>
    </row>
    <row>
     <entry>1.924149</entry>
     <entry>1.924149</entry>
     <entry>1.924149</entry>
     <entry>0.744310</entry>
     <entry>1.924149</entry>
     <entry>1.924149</entry>
     <entry>1.924149</entry>
     <entry>1.924149</entry>
     <entry>0.000000</entry>
    </row>
    <row>
     <entry>0.263151</entry>
     <entry>1.429683</entry>
     <entry>0.280297</entry>
     <entry>1.864468</entry>
     <entry>0.075682</entry>
     <entry>0.190298</entry>
     <entry>0.082356</entry>
     <entry>0.592969</entry>
     <entry>1.924149</entry>
     <entry>0.000000</entry>
    </row>
    <row>
     <entry>1.769288</entry>
     <entry>1.924149</entry>
     <entry>1.565936</entry>
     <entry>0.056013</entry>
     <entry>1.815702</entry>
     <entry>1.815702</entry>
     <entry>1.725014</entry>
     <entry>1.924149</entry>
     <entry>0.729417</entry>
     <entry>1.864468</entry>
     <entry>0.000000</entry>
    </row>
    <row>
     <entry>0.822788</entry>
     <entry>1.603290</entry>
     <entry>0.890959</entry>
     <entry>1.815702</entry>
     <entry>0.822788</entry>
     <entry>0.822788</entry>
     <entry>0.873424</entry>
     <entry>1.045014</entry>
     <entry>1.924149</entry>
     <entry>0.873424</entry>
     <entry>1.769288</entry>
     <entry>0.000000</entry>
    </row>
    <row>
     <entry>0.289010</entry>
     <entry>1.642167</entry>
     <entry>0.254715</entry>
     <entry>1.682694</entry>
     <entry>0.334051</entry>
     <entry>0.306725</entry>
     <entry>0.352795</entry>
     <entry>0.672248</entry>
     <entry>1.769288</entry>
     <entry>0.297818</entry>
     <entry>1.682694</entry>
     <entry>0.890959</entry>
     <entry>0.000000</entry>
    </row>
    <row>
     <entry>0.280297</entry>
     <entry>1.642167</entry>
     <entry>0.238109</entry>
     <entry>1.725014</entry>
     <entry>0.324840</entry>
     <entry>0.297818</entry>
     <entry>0.343369</entry>
     <entry>0.658521</entry>
     <entry>1.769288</entry>
     <entry>0.289010</entry>
     <entry>1.725014</entry>
     <entry>0.890959</entry>
     <entry>0.012077</entry>
     <entry>0.000000</entry>
    </row>
    <row>
     <entry>1.769288</entry>
     <entry>1.924149</entry>
     <entry>1.565936</entry>
     <entry>0.030582</entry>
     <entry>1.769288</entry>
     <entry>1.815702</entry>
     <entry>1.682694</entry>
     <entry>1.864468</entry>
     <entry>0.744310</entry>
     <entry>1.864468</entry>
     <entry>0.049572</entry>
     <entry>1.815702</entry>
     <entry>1.682694</entry>
     <entry>1.725014</entry>
     <entry>0.000000</entry>
    </row>
    <row>
     <entry>0.315731</entry>
     <entry>1.642167</entry>
     <entry>0.182607</entry>
     <entry>1.603290</entry>
     <entry>0.306725</entry>
     <entry>0.289010</entry>
     <entry>0.289010</entry>
     <entry>0.605688</entry>
     <entry>1.924149</entry>
     <entry>0.289010</entry>
     <entry>1.603290</entry>
     <entry>0.945709</entry>
     <entry>0.205911</entry>
     <entry>0.205911</entry>
     <entry>1.603290</entry>
     <entry>0.000000</entry>
    </row>
    <row>
     <entry>0.927088</entry>
     <entry>1.603290</entry>
     <entry>0.908842</entry>
     <entry>1.725014</entry>
     <entry>0.890959</entry>
     <entry>0.927088</entry>
     <entry>0.945709</entry>
     <entry>1.180408</entry>
     <entry>1.924149</entry>
     <entry>0.984141</entry>
     <entry>1.725014</entry>
     <entry>0.213837</entry>
     <entry>0.945709</entry>
     <entry>0.945709</entry>
     <entry>1.725014</entry>
     <entry>1.024268</entry>
     <entry>0.000000</entry>
    </row>
    <row>
     <entry>0.839350</entry>
     <entry>1.642167</entry>
     <entry>0.873424</entry>
     <entry>1.815702</entry>
     <entry>0.839350</entry>
     <entry>0.873424</entry>
     <entry>0.873424</entry>
     <entry>1.110225</entry>
     <entry>1.864468</entry>
     <entry>0.927088</entry>
     <entry>1.815702</entry>
     <entry>0.130825</entry>
     <entry>0.856225</entry>
     <entry>0.856225</entry>
     <entry>1.815702</entry>
     <entry>0.964721</entry>
     <entry>0.145266</entry>
     <entry>0.000000</entry>
    </row>
    <row>
     <entry>0.839350</entry>
     <entry>1.565936</entry>
     <entry>0.873424</entry>
     <entry>1.725014</entry>
     <entry>0.774873</entry>
     <entry>0.856225</entry>
     <entry>0.822788</entry>
     <entry>1.133032</entry>
     <entry>1.725014</entry>
     <entry>0.856225</entry>
     <entry>1.725014</entry>
     <entry>0.109669</entry>
     <entry>0.873424</entry>
     <entry>0.873424</entry>
     <entry>1.725014</entry>
     <entry>0.945709</entry>
     <entry>0.221845</entry>
     <entry>0.123707</entry>
     <entry>0.000000</entry>
    </row>
    <row>
     <entry>1.368278</entry>
     <entry>0.908842</entry>
     <entry>1.368278</entry>
     <entry>1.915832</entry>
     <entry>1.429683</entry>
     <entry>1.339016</entry>
     <entry>1.368278</entry>
     <entry>1.529994</entry>
     <entry>1.924149</entry>
     <entry>1.429683</entry>
     <entry>1.864468</entry>
     <entry>1.429683</entry>
     <entry>1.368278</entry>
     <entry>1.398481</entry>
     <entry>1.864468</entry>
     <entry>1.529994</entry>
     <entry>1.565936</entry>
     <entry>1.495363</entry>
     <entry>1.368278</entry>
     <entry>0.000000</entry>
    </row>
    <row>
     <entry>1.642167</entry>
     <entry>0.167452</entry>
     <entry>1.565936</entry>
     <entry>1.924149</entry>
     <entry>1.429683</entry>
     <entry>1.565936</entry>
     <entry>1.429683</entry>
     <entry>1.682694</entry>
     <entry>1.924149</entry>
     <entry>1.461953</entry>
     <entry>1.924149</entry>
     <entry>1.529994</entry>
     <entry>1.642167</entry>
     <entry>1.642167</entry>
     <entry>1.924149</entry>
     <entry>1.725014</entry>
     <entry>1.529994</entry>
     <entry>1.565936</entry>
     <entry>1.495363</entry>
     <entry>0.927088</entry>
     <entry>0.000000</entry>
    </row>
    <row>
     <entry>1.024268</entry>
     <entry>1.495363</entry>
     <entry>0.890959</entry>
     <entry>1.769288</entry>
     <entry>1.003984</entry>
     <entry>0.984141</entry>
     <entry>1.003984</entry>
     <entry>1.045014</entry>
     <entry>1.924149</entry>
     <entry>1.003984</entry>
     <entry>1.769288</entry>
     <entry>0.453527</entry>
     <entry>0.927088</entry>
     <entry>0.927088</entry>
     <entry>1.769288</entry>
     <entry>0.927088</entry>
     <entry>0.520385</entry>
     <entry>0.475228</entry>
     <entry>0.464307</entry>
     <entry>1.529994</entry>
     <entry>1.495363</entry>
     <entry>0.000000</entry>
    </row>
    <row>
     <entry>0.159985</entry>
     <entry>1.565936</entry>
     <entry>0.280297</entry>
     <entry>1.815702</entry>
     <entry>0.198065</entry>
     <entry>0.062511</entry>
     <entry>0.198065</entry>
     <entry>0.631702</entry>
     <entry>1.924149</entry>
     <entry>0.182607</entry>
     <entry>1.815702</entry>
     <entry>0.806528</entry>
     <entry>0.289010</entry>
     <entry>0.280297</entry>
     <entry>1.815702</entry>
     <entry>0.254715</entry>
     <entry>0.927088</entry>
     <entry>0.822788</entry>
     <entry>0.822788</entry>
     <entry>1.368278</entry>
     <entry>1.603290</entry>
     <entry>1.024268</entry>
     <entry>0.000000</entry>
    </row>
    <row>
     <entry>0.297818</entry>
     <entry>1.398481</entry>
     <entry>0.315731</entry>
     <entry>1.864468</entry>
     <entry>0.102746</entry>
     <entry>0.229934</entry>
     <entry>0.116655</entry>
     <entry>0.618597</entry>
     <entry>1.924149</entry>
     <entry>0.049572</entry>
     <entry>1.864468</entry>
     <entry>0.822788</entry>
     <entry>0.334051</entry>
     <entry>0.324840</entry>
     <entry>1.864468</entry>
     <entry>0.334051</entry>
     <entry>0.945709</entry>
     <entry>0.890959</entry>
     <entry>0.822788</entry>
     <entry>1.398481</entry>
     <entry>1.429683</entry>
     <entry>0.984141</entry>
     <entry>0.213837</entry>
     <entry>0.000000</entry>
    </row>
    <row>
     <entry>1.529994</entry>
     <entry>0.229934</entry>
     <entry>1.565936</entry>
     <entry>1.924149</entry>
     <entry>1.398481</entry>
     <entry>1.529994</entry>
     <entry>1.368278</entry>
     <entry>1.642167</entry>
     <entry>1.924149</entry>
     <entry>1.398481</entry>
     <entry>1.924149</entry>
     <entry>1.495363</entry>
     <entry>1.642167</entry>
     <entry>1.642167</entry>
     <entry>1.924149</entry>
     <entry>1.682694</entry>
     <entry>1.603290</entry>
     <entry>1.565936</entry>
     <entry>1.461953</entry>
     <entry>1.003984</entry>
     <entry>0.159985</entry>
     <entry>1.429683</entry>
     <entry>1.495363</entry>
     <entry>1.368278</entry>
     <entry>0.000000</entry>
    </row>
   </dm>
   </dms>
  </run>
 </runs>
</root>
